// Jest Snapshot v1, https://goo.gl/fbAQLP

exports[`create user initial state should match with snapshot 1`] = `
<form
  className="css-1nu3mtp-Form"
  style={
    Object {
      "alignItems": "center",
      "display": "flex",
      "flexDirection": "column",
      "margin": "auto",
      "width": 420,
    }
  }
>
  <div
    style={
      Object {
        "width": "100%",
      }
    }
  >
    <label>
      id
      :
    </label>
    <input
      onChange={[Function]}
      value=""
    />
  </div>
  <div
    style={
      Object {
        "width": "100%",
      }
    }
  >
    <label>
      password
      :
    </label>
    <input
      onChange={[Function]}
      value=""
    />
  </div>
  <div
    style={
      Object {
        "width": "100%",
      }
    }
  >
    <label>
      double check password
      :
    </label>
    <input
      onChange={[Function]}
      value=""
    />
  </div>
  <button
    onClick={[Function]}
    style={
      Object {
        "width": 120,
      }
    }
  >
    create
  </button>
</form>
`;
